# A mixture of several patterns to stress every predictor configuration.
# 0x100: always-taken bias
# 0x104: 5-iteration loop (T T T T N)
# 0x108: alternating T N
# 0x10c: depends on the latest 0x100 outcome (correlated through GHR)
0x100 T
0x104 T
0x108 T
0x10c T
0x100 T
0x104 T
0x108 N
0x10c T
0x100 T
0x104 T
0x108 T
0x10c T
0x100 T
0x104 T
0x108 N
0x10c T
0x100 T
0x104 N
0x108 T
0x10c T
0x100 T
0x104 T
0x108 N
0x10c T
0x100 T
0x104 T
0x108 T
0x10c T
0x100 T
0x104 T
0x108 N
0x10c T
0x100 T
0x104 T
0x108 T
0x10c T
0x100 T
0x104 N
0x108 N
0x10c T
0x100 T
0x104 T
0x108 T
0x10c T
0x100 T
0x104 T
0x108 N
0x10c T
0x100 T
0x104 T
0x108 T
0x10c T
0x100 T
0x104 T
0x108 N
0x10c T
0x100 T
0x104 N
0x108 T
0x10c T
0x100 T
0x104 T
0x108 N
0x10c T
0x100 T
0x104 T
0x108 T
0x10c T
0x100 T
0x104 T
0x108 N
0x10c T
0x100 T
0x104 T
0x108 T
0x10c T
0x100 T
0x104 N
0x108 N
0x10c T
